// Jest Snapshot v1, https://goo.gl/fbAQLP

exports[`UI Snapshots SessionMetaCard renders correctly 1`] = `
<View
  style={
    {
      "backgroundColor": "#ffffff",
      "borderColor": "#E5E3DC",
      "borderRadius": 16,
      "borderWidth": 0.5,
      "elevation": 0,
      "overflow": "hidden",
      "shadowOffset": {
        "height": 0,
        "width": 0,
      },
      "shadowOpacity": 0,
      "shadowRadius": 0,
    }
  }
>
  <View
    style={
      {
        "position": "relative",
      }
    }
  >
    <View
      style={
        {
          "alignItems": "center",
          "backgroundColor": "#0F6E56",
          "flexDirection": "row",
          "justifyContent": "space-between",
          "paddingHorizontal": 16,
          "paddingVertical": 6,
        }
      }
    >
      <View
        style={
          {
            "alignItems": "center",
            "columnGap": 6,
            "flexDirection": "row",
          }
        }
      >
        <View
          style={
            {
              "backgroundColor": "#ffffff",
              "borderRadius": 999,
              "height": 5,
              "width": 5,
            }
          }
        />
        <Text
          style={
            {
              "color": "#ffffff",
              "fontFamily": "BarlowCondensed-Bold",
              "fontSize": 11,
              "letterSpacing": 0.5,
            }
          }
        >
          session_meta.info_title
        </Text>
      </View>
      <Text
        style={
          {
            "color": "rgba(255, 255, 255, 0.8)",
            "fontFamily": "PlusJakartaSans-SemiBold",
            "fontSize": 11,
          }
        }
      >
        session_meta.doubles
      </Text>
    </View>
    <View
      style={
        {
          "paddingBottom": 12,
          "paddingHorizontal": 16,
          "paddingTop": 12,
        }
      }
    >
      <View
        accessibilityState={
          {
            "busy": undefined,
            "checked": undefined,
            "disabled": undefined,
            "expanded": undefined,
            "selected": undefined,
          }
        }
        accessibilityValue={
          {
            "max": undefined,
            "min": undefined,
            "now": undefined,
            "text": undefined,
          }
        }
        accessible={true}
        collapsable={false}
        focusable={true}
        onClick={[Function]}
        onResponderGrant={[Function]}
        onResponderMove={[Function]}
        onResponderRelease={[Function]}
        onResponderTerminate={[Function]}
        onResponderTerminationRequest={[Function]}
        onStartShouldSetResponder={[Function]}
        style={
          {
            "alignItems": "flex-start",
            "flexDirection": "row",
            "gap": 12,
            "justifyContent": "space-between",
            "opacity": 1,
          }
        }
      >
        <Text
          numberOfLines={2}
          style={
            {
              "color": "#1A2E2A",
              "flex": 1,
              "fontFamily": "BarlowCondensed-Bold",
              "fontSize": 31,
              "letterSpacing": 0,
              "lineHeight": 36,
              "marginBottom": 4,
              "textTransform": "uppercase",
            }
          }
        >
          Court A
        </Text>
        <View
          style={
            {
              "marginTop": 6,
            }
          }
        >
          <View
            color="#0F6E56"
            size={24}
            strokeWidth={2.5}
          />
        </View>
      </View>
      <View
        style={
          {
            "alignItems": "center",
            "columnGap": 6,
            "flexDirection": "row",
          }
        }
      >
        <View
          color="#7A8884"
          size={13}
          strokeWidth={2.5}
        />
        <Text
          ellipsizeMode="tail"
          numberOfLines={1}
          style={
            {
              "color": "#7A8884",
              "flexShrink": 1,
              "fontFamily": "PlusJakartaSans-Regular",
              "fontSize": 13,
              "lineHeight": 18,
            }
          }
        >
          10 Chu Van An, Da Nang
        </Text>
      </View>
    </View>
  </View>
  <View
    style={
      {
        "backgroundColor": "#F5F1E8",
        "paddingBottom": 16,
        "paddingHorizontal": 16,
        "paddingTop": 14,
      }
    }
  >
    <View
      style={
        {
          "alignItems": "flex-start",
          "flexDirection": "row",
          "justifyContent": "space-between",
          "marginBottom": 8,
        }
      }
    >
      <View>
        <Text
          style={
            {
              "color": "#7A8884",
              "fontFamily": "PlusJakartaSans-SemiBold",
              "fontSize": 10,
              "letterSpacing": 0.8,
              "marginBottom": 4,
              "textTransform": "uppercase",
            }
          }
        >
          session_meta.time
        </Text>
        <Text
          style={
            {
              "color": "#1A2E2A",
              "fontFamily": "BarlowCondensed-Bold",
              "fontSize": 33,
              "letterSpacing": 0,
              "lineHeight": 33,
            }
          }
        >
          08:00
        </Text>
        <Text
          style={
            {
              "color": "#7A8884",
              "fontFamily": "PlusJakartaSans-Regular",
              "fontSize": 13,
              "marginTop": 4,
            }
          }
        >
          Sat, 24/05
        </Text>
      </View>
      <View
        style={
          {
            "alignItems": "flex-end",
          }
        }
      >
        <Text
          style={
            {
              "color": "#7A8884",
              "fontFamily": "PlusJakartaSans-SemiBold",
              "fontSize": 10,
              "letterSpacing": 0.8,
              "marginBottom": 4,
              "textTransform": "uppercase",
            }
          }
        >
          session_meta.cost
        </Text>
        <Text
          style={
            {
              "color": "#1A2E2A",
              "fontFamily": "BarlowCondensed-Bold",
              "fontSize": 33,
              "lineHeight": 33,
            }
          }
        >
          50K
        </Text>
        <Text
          style={
            {
              "color": "#7A8884",
              "fontFamily": "PlusJakartaSans-Regular",
              "fontSize": 11,
              "marginTop": 4,
            }
          }
        >
          session_meta.per_person
        </Text>
      </View>
    </View>
    <View
      style={
        {
          "backgroundColor": "#E5E3DC",
          "height": 1,
          "marginVertical": 8,
          "opacity": 0.5,
        }
      }
    />
    <View
      style={
        {
          "gap": 12,
        }
      }
    >
      <View
        style={
          {
            "alignItems": "center",
            "flexDirection": "row",
          }
        }
      >
        <View
          style={
            {
              "backgroundColor": "#FFFFFF",
              "borderColor": "#E5E3DC",
              "borderRadius": 4,
              "borderWidth": 1,
              "paddingHorizontal": 14,
              "paddingVertical": 4,
            }
          }
        >
          <Text
            style={
              {
                "color": "#1A2E2A",
                "fontFamily": "PlusJakartaSans-SemiBold",
                "fontSize": 12,
              }
            }
          >
            Intermediate
          </Text>
        </View>
        <View
          style={
            {
              "alignItems": "center",
              "flexDirection": "row",
              "marginLeft": 12,
            }
          }
        >
          <View
            style={
              {
                "backgroundColor": "#0F6E56",
                "borderRadius": 999,
                "height": 6,
                "width": 6,
              }
            }
          />
          <Text
            style={
              {
                "color": "#0F6E56",
                "fontFamily": "BarlowCondensed-Bold",
                "fontSize": 10,
                "letterSpacing": 0.5,
                "marginLeft": 6,
                "textTransform": "uppercase",
              }
            }
          >
            session_meta.booked
          </Text>
        </View>
      </View>
      <View
        style={
          {
            "alignItems": "flex-start",
            "flexDirection": "row",
          }
        }
      >
        <View
          color="#1A2E2A"
          size={14}
          strokeWidth={2.5}
          style={
            {
              "marginTop": 2,
            }
          }
        />
        <View
          style={
            {
              "flex": 1,
              "marginLeft": 8,
            }
          }
        >
          <Text
            style={
              {
                "color": "#7A8884",
                "fontFamily": "PlusJakartaSans-SemiBold",
                "fontSize": 10,
                "letterSpacing": 0.8,
                "textTransform": "uppercase",
              }
            }
          >
            session_meta.note
          </Text>
          <Text
            style={
              {
                "color": "#1A2E2A",
                "fontFamily": "PlusJakartaSans-Regular",
                "fontSize": 13,
                "marginTop": 2,
              }
            }
          >
            Fair play only.
          </Text>
        </View>
      </View>
    </View>
  </View>
</View>
`;
